# 0
 00000000000000 00 => 0.
# min and max
 10000000000000-99 => 1.-99
 99999999999999 99 => 9.999999 99
# negative
-10000000000000-99 => -1.-99
-10000000000000-50 => -1.-50
-10000000000000-05 => -0.00001
-10000000000000-02 => -1/100
-10000000000000 00 => -1.
-10100000000000 00 => -101/100
-10000000000000 02 => -100.
-10000000000000 05 => -100000.
-10000000000000 50 => -1. 50
-99999999999999 99 => -9.999999 99
# transition to SCI mode
 49999999999999-11 => 5.-11
 50000000000000-11 => .0000000001
 99999999994999 09 => 9999999999.
 99999999995000 09 => 1. 10
# transition to overflow
 99999994999999 99 => 9.999999 99
 99999995000000 99 => 9.999999 99
# 1 * 10^n
 10000000000000-99 => 1.-99
 10000000000000-12 => 1.-12
 10000000000000-11 => 1.-11
 10000000000000-10 => .0000000001
 10000000000000-09 => 0.000000001
 10000000000000-08 => 0.00000001
 10000000000000-07 => 0.0000001
 10000000000000-06 => 0.000001
 10000000000000-05 => 0.00001
 10000000000000-04 => 0.0001
 10000000000000-03 => 0.001
 10000000000000-02 => 1/100
 10000000000000-01 => 1/10
 10000000000000 00 => 1.
 10000000000000 01 => 10.
 10000000000000 02 => 100.
 10000000000000 03 => 1000.
 10000000000000 04 => 10000.
 10000000000000 05 => 100000.
 10000000000000 06 => 1000000.
 10000000000000 07 => 10000000.
 10000000000000 08 => 100000000.
 10000000000000 09 => 1000000000.
 10000000000000 10 => 1. 10
 10000000000000 11 => 1. 11
 10000000000000 12 => 1. 12
 10000000000000 99 => 1. 99
# 4.4444444444444 * 10^n
 44444444444444-99 => 4.444444-99
 44444444444444-12 => 4.444444-12
 44444444444444-11 => 4.444444-11
 44444444444444-10 => .0000000004
 44444444444444-09 => .0000000044
 44444444444444-08 => .0000000444
 44444444444444-07 => .0000004444
 44444444444444-06 => .0000044444
 44444444444444-05 => .0000444444
 44444444444444-04 => .0004444444
 44444444444444-03 => 1/225
 44444444444444-02 => 2/45
 44444444444444-01 => 4/9
 44444444444444 00 => 40/9
 44444444444444 01 => 400/9
 44444444444444 02 => 4000/9
 44444444444444 03 => 4444.444444
 44444444444444 04 => 44444.44444
 44444444444444 05 => 444444.4444
 44444444444444 06 => 4444444.444
 44444444444444 07 => 44444444.44
 44444444444444 08 => 444444444.4
 44444444444444 09 => 4444444444.
 44444444444444 10 => 4.444444 10
 44444444444444 11 => 4.444444 11
 44444444444444 12 => 4.444444 12
 44444444444444 99 => 4.444444 99
# 5.5555555555555 * 10^n
 55555555555555-99 => 5.555556-99
 55555555555555-12 => 5.555556-12
 55555555555555-11 => .0000000001
 55555555555555-10 => .0000000006
 55555555555555-09 => .0000000056
 55555555555555-08 => .0000000556
 55555555555555-07 => .0000005556
 55555555555555-06 => .0000055556
 55555555555555-05 => .0000555556
 55555555555555-04 => .0005555556
 55555555555555-03 => 1/180
 55555555555555-02 => 1/18
 55555555555555-01 => 5/9
 55555555555555 00 => 50/9
 55555555555555 01 => 500/9
 55555555555555 02 => 5000/9
 55555555555555 03 => 5555.555556
 55555555555555 04 => 55555.55556
 55555555555555 05 => 555555.5556
 55555555555555 06 => 5555555.556
 55555555555555 07 => 55555555.56
 55555555555555 08 => 555555555.6
 55555555555555 09 => 5555555556.
 55555555555555 10 => 5.555556 10
 55555555555555 11 => 5.555556 11
 55555555555555 12 => 5.555556 12
 55555555555555 99 => 5.555556 99
# 9.9999999999999 * 10^n
 99999999999999-99 => 1.-98
 99999999999999-12 => 1.-11
 99999999999999-11 => .0000000001
 99999999999999-10 => 0.000000001
 99999999999999-09 => 0.00000001
 99999999999999-08 => 0.0000001
 99999999999999-07 => 0.000001
 99999999999999-06 => 0.00001
 99999999999999-05 => 0.0001
 99999999999999-04 => 0.001
 99999999999999-03 => 1/100
 99999999999999-02 => 1/10
 99999999999999-01 => 1.
 99999999999999 00 => 10.
 99999999999999 01 => 100.
 99999999999999 02 => 1000.
 99999999999999 03 => 10000.
 99999999999999 04 => 100000.
 99999999999999 05 => 1000000.
 99999999999999 06 => 10000000.
 99999999999999 07 => 100000000.
 99999999999999 08 => 1000000000.
 99999999999999 09 => 1. 10
 99999999999999 11 => 1. 12
 99999999999999 12 => 1. 13
 99999999999999 99 => 9.999999 99
# 10^n + 1/2
 50000000000000-01 => 1/2
 15000000000000 00 => 3/2
 10500000000000 01 => 21/2
 10050000000000 02 => 201/2
 10005000000000 03 => 1000.5
# 10^n + 1/20
 50000000000000-02 => 1/20
 10500000000000 00 => 21/20
 10050000000000 01 => 201/20
 10005000000000 02 => 2001/20
 10000500000000 03 => 1000.05
# 10^n + 11/20
 55000000000000-01 => 11/20
 15500000000000 00 => 31/20
 10550000000000 01 => 211/20
 10055000000000 02 => 2011/20
 10005500000000 03 => 1000.55
# 10^n + 1/200
 50000000000000-03 => 1/200
 10050000000000 00 => 201/200
 10005000000000 01 => 2001/200
 10000500000000 02 => 20001/200
 10000050000000 03 => 1000.005
# 10^n + 11/200
 55000000000000-02 => 11/200
 10550000000000 00 => 211/200
 10055000000000 01 => 2011/200
 10005500000000 02 => 20011/200
 10000550000000 03 => 1000.055
# 10^n + 111/200
 55500000000000-01 => 111/200
 15550000000000 00 => 311/200
 10555000000000 01 => 2111/200
 10055500000000 02 => 100.555
 10005550000000 03 => 1000.555
# ~ 1/9
 11111111111000-01 => .1111111111
 11111111111100-01 => 1/9
 11111111111200-01 => 1/9
 11111111111300-01 => .1111111111
# ~ 1/3
 33333333333000-01 => .3333333333
 33333333333100-01 => 1/3
 33333333333600-01 => 1/3
 33333333333700-01 => .3333333333
