# 1/9 * 10^n
 11111111111111-04 => .
 11111111111111-03 => 1/900
 11111111111111-02 => 1/90
 11111111111111-01 => 1/9
 11111111111111-00 => 1 1/9
 11111111111111 01 => 11 1/9
 11111111111111 02 => 111 1/9
 11111111111111 03 => .
# 1/3 * 10^n
 33333333333333-04 => .
 33333333333333-03 => 1/300
 33333333333333-02 => 1/30
 33333333333333-01 => 1/3
 33333333333333-00 => 3 1/3
 33333333333333 01 => 33 1/3
 33333333333333 02 => 333 1/3
 33333333333333 03 => .
# ~ 1/9
 11111111111000-01 => .
 11111111111100-01 => 1/9
 11111111111200-01 => 1/9
 11111111111300-01 => .
# ~ 1/3
 33333333333000-01 => .
 33333333333100-01 => 1/3
 33333333333600-01 => 1/3
 33333333333700-01 => .
# ~ pi
 30000000000000 00 => 3
 31428571428571 00 => 3 1/7
 31415929203540 00 => 3 16/113
 30000000000000 00 => 3
 31000000000000 00 => 3 1/10
 31400000000000 00 => 3 7/50
 31410000000000 00 => .
 31420000000000 00 => 3 71/500
# min and max
 10000000000000-99 => .
 99999999999999 99 => .
